// Jest Snapshot v1, https://goo.gl/fbAQLP

exports[`Breadcrumb component matches the snapshot 1`] = `
<div>
  <div
    class="rt-Box"
  >
    <p
      class="rt-Text rt-r-weight-regular text-sm flex gap-[4px] text-base"
    >
      Pages
       /
       
      <span
        class="rt-Box text-xs text-dark dark:text-light"
      >
        Tables
      </span>
    </p>
  </div>
</div>
`;
