// Jest Snapshot v1, https://goo.gl/fbAQLP

exports[`Footer Layouts should match snapshot 1`] = `
<DocumentFragment>
  <footer
    class="flex justify-between text-base px-[21px]"
  >
    <p>
      @ 2025, Made with ❤️ by 
      <span
        class="text-primary font-bold"
      >
        Creative Tim
      </span>
       & 
      <span
        class="text-primary font-bold"
      >
        Simmmple
      </span>
       for a better web
    </p>
    <nav>
      <ul
        class="flex gap-11"
      >
        <li>
          <a
            class="rt-Text rt-reset rt-Link rt-underline-auto cursor-pointer undefined"
            data-accent-color=""
            href="https://www.creative-tim.com"
            target="_blank"
          >
            Creative Tim
          </a>
        </li>
        <li>
          <a
            class="rt-Text rt-reset rt-Link rt-underline-auto cursor-pointer undefined"
            data-accent-color=""
            href="https://www.simmmple.com"
            target="_blank"
          >
            Simmmple
          </a>
        </li>
        <li>
          <a
            class="rt-Text rt-reset rt-Link rt-underline-auto cursor-pointer undefined"
            data-accent-color=""
            href="/blog"
            target="_blank"
          >
            Blog
          </a>
        </li>
        <li>
          <a
            class="rt-Text rt-reset rt-Link rt-underline-auto cursor-pointer undefined"
            data-accent-color=""
            href="/license"
            target="_blank"
          >
            License
          </a>
        </li>
      </ul>
    </nav>
  </footer>
</DocumentFragment>
`;
